// Jest Snapshot v1, https://goo.gl/fbAQLP

exports[`SliderOnMobile Component SliderOnMobile should match snapshot 1`] = `
<div>
  <div
    class="container desktop-container"
  >
    <div>
      item1
    </div>
    <div>
      item2
    </div>
    <div>
      item3
    </div>
    <div>
      item4
    </div>
  </div>
  <div
    class="container mobile-container"
  >
    <div
      class="swiper-container swiper-container-initialized swiper-container-horizontal"
    >
      <div
        class="swiper-wrapper"
        style="webkit-transition-duration: 0ms; transition-duration: 0ms; webkit-transform: translate3d(NaNpx, 0px, 0px); transform: translate3d(NaNpx, 0px, 0px);"
      >
        <div
          class="swiper-slide"
        >
          item1
        </div>
        <div
          class="swiper-slide"
        >
          item2
        </div>
        <div
          class="swiper-slide"
        >
          item3
        </div>
        <div
          class="swiper-slide"
        >
          item4
        </div>
      </div>
      <div
        class="swiper-pagination swiper-pagination-progressbar progress-bar"
      >
        <span
          class="progressbar-fill"
          style="webkit-transform: translate3d(0,0,0) scaleX(NaN) scaleY(1); transform: translate3d(0,0,0) scaleX(NaN) scaleY(1); webkit-transition-duration: 300ms; transition-duration: 300ms;"
        />
      </div>
      <span
        aria-atomic="true"
        aria-live="assertive"
        class="swiper-notification"
      />
    </div>
    <p
      class="count-slides"
    >
      01
       / 
      00
    </p>
  </div>
</div>
`;
